[01/52] 7 imgs  tcl-tac-09chsd-tph21if-inverter-r32-wi-fi
[02/52] 7 imgs  tcl-tac-12chsd-tph21if-inverter-r32-wi-fi
[03/52] 7 imgs  tcl-tac-18chsd-tph21if-inverter-r32-wi-fi
[04/52] 7 imgs  tcl-tac-24chsd-tph21if-inverter-r32-wi-fi
[05/52] 8 imgs  tcl-tac-09chsd-zg11i-ai-inverter-r32-wi-fi
[06/52] 8 imgs  tcl-tac-12chsd-zg11i-ai-inverter-r32-wi-fi
[07/52] 8 imgs  tcl-tac-18chsd-zg11i-ai-inverter-r32-wi-fi
[08/52] 8 imgs  tcl-tac-24chsd-zg11i-ai-inverter-r32-wi-fi
[09/52] 8 imgs  tcl-tac-09chsd-zg41ihb-heatpump-r32-wi-fi
[10/52] 8 imgs  tcl-tac-12chsd-zg41ihb-heatpump-r32-wi-fi
[11/52] 8 imgs  tcl-tac-18chsd-zg41ihb-heatpump-r32-wi-fi
[12/52] 8 imgs  tcl-tac-24chsd-zg41ihb-heatpump-r32-wi-fi
[13/52] 7 imgs  tcl-tac-09chsd-ug11v3ahb-heat-pump
[14/52] 7 imgs  tcl-tac-12chsd-ug11v3ahb-heat-pump
[15/52] 7 imgs  tcl-tac-18chsd-ug11v3ahb-heat-pump
[16/52] 7 imgs  tcl-tac-24chsd-ug11v3ahb-heat-pump
[17/52] 5 imgs  tcl-tac-09chsd-tph11ihb-heat-pump-r32-wi-fi
[18/52] 5 imgs  tcl-tac-12chsd-tph11ihb-heat-pump-r32-wi-fi
[19/52] 5 imgs  tcl-tac-18chsd-tph11ihb-heat-pump-r32-wi-fi
[20/52] 8 imgs  tcl-tac-09chsd-fai-freshin-inv-r32-wi-fi
[21/52] 8 imgs  tcl-tac-12chsd-fai-freshin-inv-r32-wi-fi
[22/52] 6 imgs  tcl-tac-09chsd-fbi-inverter-r32-wi-fi
[23/52] 6 imgs  tcl-tac-12chsd-fbi-inverter-r32-wi-fi
[24/52] 5 imgs  tcl-tac-09chsd-xa82i-black-inverter-r32-wi-fi
[25/52] 5 imgs  tcl-tac-12chsd-xa82i-black-inverter-r32-wi-fi
[26/52] 6 imgs  tcl-tac-07chsa-xab1-on-off-wi-fi-ready
[27/52] 6 imgs  tcl-tac-09chsa-xab1-on-off-wi-fi-ready
[28/52] 6 imgs  tcl-tac-12chsa-xab1-on-off-wi-fi-ready
[29/52] 16 imgs  invertornyi-ardesto-ard-acs09-i
[30/52] 16 imgs  invertornyi-ardesto-ard-acs12-i
[31/52] 16 imgs  invertornyi-ardesto-ard-acs18-i
[32/52] 6 imgs  midea-ag-07n8c2f-i-ag-07n8c2f-o
[33/52] 6 imgs  midea-ag-09n8c2f-i-ag-09n8c2f-o
[34/52] 6 imgs  midea-ag-11n8c2f-i-ag-11n8c2f-o
[35/52] 4 imgs  midea-ag-18nxd0-i-ag-18nxd0-o
[36/52] 9 imgs  idea-isr-07hr-vi05-dn8-rotary
[37/52] 9 imgs  idea-isr-09hr-vi05-dn8-rotary
[38/52] 9 imgs  idea-isr-12hr-vi05-dn8-rotary
[39/52] 9 imgs  idea-isr-18hr-vi05-dn8-rotary
[40/52] 9 imgs  idea-isr-24hr-vi05-dn8-rotary
[41/52] 4 imgs  samurai-sma-07hrdn8go
[42/52] 4 imgs  samurai-sma-09hrdn8go
[43/52] 4 imgs  samurai-sma-12hrdn8go
[44/52] 4 imgs  samurai-sma-18hrdn8go
[45/52] 4 imgs  samurai-sma-24hrdn8go
[46/52] 8 imgs  olmo-osh-07frh3
[47/52] 8 imgs  olmo-osh-09frh3
[48/52] 8 imgs  olmo-osh-12frh3
[49/52] 8 imgs  olmo-osh-18frh3
[50/52] 8 imgs  olmo-osh-24frh3
[51/52] 8 imgs  grunhelm-gac-07gh-32
[52/52] 8 imgs  grunhelm-gac-09gh-32

DONE  382 full + 52 thumbs  | assets total 7.91 MB | products.json updated
